// Jest Snapshot v1, https://goo.gl/fbAQLP

exports[`Snapshot testing should create a snapshot of the StockPrice Screen 1`] = `
Array [
  <TextInput
    allowFontScaling={true}
    keyboardType="numeric"
    onChangeText={[Function]}
    rejectResponderTermination={true}
    style={
      Object {
        "borderColor": "black",
        "borderRadius": 5,
        "borderWidth": 2,
        "height": 30,
        "marginBottom": "5%",
        "marginTop": "5%",
        "textAlign": "center",
        "width": 150,
      }
    }
    underlineColorAndroid="transparent"
    value="okay"
  />,
  <View
    style={
      Object {
        "flexDirection": "row",
      }
    }
  >
    <View
      accessibilityRole="button"
      accessibilityStates={Array []}
      accessible={true}
      clickable={true}
      isTVSelectable={true}
      onClick={[Function]}
      onResponderGrant={[Function]}
      onResponderMove={[Function]}
      onResponderRelease={[Function]}
      onResponderTerminate={[Function]}
      onResponderTerminationRequest={[Function]}
      onStartShouldSetResponder={[Function]}
      style={
        Object {
          "opacity": 1,
        }
      }
      testID="saveButton"
    >
      <View
        style={
          Array [
            Object {},
          ]
        }
      >
        <Text
          style={
            Array [
              Object {
                "color": "#007AFF",
                "fontSize": 18,
                "padding": 8,
                "textAlign": "center",
              },
            ]
          }
        >
          Save
        </Text>
      </View>
    </View>
    <View
      style={
        Object {
          "width": 10,
        }
      }
    />
    <View
      accessibilityRole="button"
      accessibilityStates={Array []}
      accessible={true}
      clickable={true}
      isTVSelectable={true}
      onClick={[Function]}
      onResponderGrant={[Function]}
      onResponderMove={[Function]}
      onResponderRelease={[Function]}
      onResponderTerminate={[Function]}
      onResponderTerminationRequest={[Function]}
      onStartShouldSetResponder={[Function]}
      style={
        Object {
          "opacity": 1,
        }
      }
    >
      <View
        style={
          Array [
            Object {},
          ]
        }
      >
        <Text
          style={
            Array [
              Object {
                "color": "#007AFF",
                "fontSize": 18,
                "padding": 8,
                "textAlign": "center",
              },
              Object {
                "color": "#b8092c",
              },
            ]
          }
        >
          Delete
        </Text>
      </View>
    </View>
  </View>,
]
`;
