// Jest Snapshot v1, https://goo.gl/fbAQLP

exports[`BottomPannelContainer testing should render snapshot 1`] = `
<View
  style={
    Object {
      "flex": 1,
      "justifyContent": "center",
    }
  }
>
  <RCTScrollView
    ListHeaderComponent={[Function]}
    data={
      Array [
        1,
        2,
        3,
        4,
        5,
        6,
        7,
        8,
        9,
        10,
        11,
        12,
        13,
        14,
        15,
        16,
        17,
        18,
        19,
        20,
        21,
        22,
        23,
        24,
        25,
        26,
        27,
        28,
        29,
        30,
      ]
    }
    disableVirtualization={false}
    extraData={0}
    getItem={[Function]}
    getItemCount={[Function]}
    horizontal={false}
    initialNumToRender={10}
    keyExtractor={[Function]}
    maxToRenderPerBatch={10}
    numColumns={3}
    onContentSizeChange={[Function]}
    onEndReachedThreshold={2}
    onLayout={[Function]}
    onMomentumScrollEnd={[Function]}
    onScroll={[Function]}
    onScrollBeginDrag={[Function]}
    onScrollEndDrag={[Function]}
    removeClippedSubviews={false}
    renderItem={[Function]}
    scrollEventThrottle={50}
    stickyHeaderIndices={Array []}
    updateCellsBatchingPeriod={50}
    viewabilityConfigCallbackPairs={Array []}
    windowSize={21}
  >
    <View>
      <View
        onLayout={[Function]}
      >
        <View
          style={
            Object {
              "alignItems": "center",
              "backgroundColor": "#5b73ba",
              "flexDirection": "row",
              "height": 70,
              "justifyContent": "center",
              "marginBottom": 5,
            }
          }
        >
          <Text
            style={
              Object {
                "color": "white",
                "fontFamily": "Georgia-Bold",
                "fontSize": 25,
                "letterSpacing": 0.13,
              }
            }
          >
            JUNE 2019
          </Text>
        </View>
      </View>
      <View
        onLayout={[Function]}
        style={null}
      >
        <View
          style={
            Object {
              "flexDirection": "row",
            }
          }
        >
          <View
            accessible={true}
            clickable={true}
            isTVSelectable={true}
            onClick={[Function]}
            onResponderGrant={[Function]}
            onResponderMove={[Function]}
            onResponderRelease={[Function]}
            onResponderTerminate={[Function]}
            onResponderTerminationRequest={[Function]}
            onStartShouldSetResponder={[Function]}
            style={
              Object {
                "flex": 1,
                "flexDirection": "column",
                "margin": 1,
                "opacity": 1,
              }
            }
          >
            <View
              style={
                Object {
                  "alignItems": "center",
                  "backgroundColor": "#d2d4d2",
                  "height": 70,
                  "justifyContent": "center",
                  "margin": 1,
                }
              }
            >
              <Text
                style={
                  Object {
                    "fontSize": 20,
                  }
                }
              >
                1
              </Text>
            </View>
          </View>
          <View
            accessible={true}
            clickable={true}
            isTVSelectable={true}
            onClick={[Function]}
            onResponderGrant={[Function]}
            onResponderMove={[Function]}
            onResponderRelease={[Function]}
            onResponderTerminate={[Function]}
            onResponderTerminationRequest={[Function]}
            onStartShouldSetResponder={[Function]}
            style={
              Object {
                "flex": 1,
                "flexDirection": "column",
                "margin": 1,
                "opacity": 1,
              }
            }
          >
            <View
              style={
                Object {
                  "alignItems": "center",
                  "backgroundColor": "#d2d4d2",
                  "height": 70,
                  "justifyContent": "center",
                  "margin": 1,
                }
              }
            >
              <Text
                style={
                  Object {
                    "fontSize": 20,
                  }
                }
              >
                2
              </Text>
            </View>
          </View>
          <View
            accessible={true}
            clickable={true}
            isTVSelectable={true}
            onClick={[Function]}
            onResponderGrant={[Function]}
            onResponderMove={[Function]}
            onResponderRelease={[Function]}
            onResponderTerminate={[Function]}
            onResponderTerminationRequest={[Function]}
            onStartShouldSetResponder={[Function]}
            style={
              Object {
                "flex": 1,
                "flexDirection": "column",
                "margin": 1,
                "opacity": 1,
              }
            }
          >
            <View
              style={
                Object {
                  "alignItems": "center",
                  "backgroundColor": "#d2d4d2",
                  "height": 70,
                  "justifyContent": "center",
                  "margin": 1,
                }
              }
            >
              <Text
                style={
                  Object {
                    "fontSize": 20,
                  }
                }
              >
                3
              </Text>
            </View>
          </View>
        </View>
      </View>
      <View
        onLayout={[Function]}
        style={null}
      >
        <View
          style={
            Object {
              "flexDirection": "row",
            }
          }
        >
          <View
            accessible={true}
            clickable={true}
            isTVSelectable={true}
            onClick={[Function]}
            onResponderGrant={[Function]}
            onResponderMove={[Function]}
            onResponderRelease={[Function]}
            onResponderTerminate={[Function]}
            onResponderTerminationRequest={[Function]}
            onStartShouldSetResponder={[Function]}
            style={
              Object {
                "flex": 1,
                "flexDirection": "column",
                "margin": 1,
                "opacity": 1,
              }
            }
          >
            <View
              style={
                Object {
                  "alignItems": "center",
                  "backgroundColor": "#d2d4d2",
                  "height": 70,
                  "justifyContent": "center",
                  "margin": 1,
                }
              }
            >
              <Text
                style={
                  Object {
                    "fontSize": 20,
                  }
                }
              >
                4
              </Text>
            </View>
          </View>
          <View
            accessible={true}
            clickable={true}
            isTVSelectable={true}
            onClick={[Function]}
            onResponderGrant={[Function]}
            onResponderMove={[Function]}
            onResponderRelease={[Function]}
            onResponderTerminate={[Function]}
            onResponderTerminationRequest={[Function]}
            onStartShouldSetResponder={[Function]}
            style={
              Object {
                "flex": 1,
                "flexDirection": "column",
                "margin": 1,
                "opacity": 1,
              }
            }
          >
            <View
              style={
                Object {
                  "alignItems": "center",
                  "backgroundColor": "#d2d4d2",
                  "height": 70,
                  "justifyContent": "center",
                  "margin": 1,
                }
              }
            >
              <Text
                style={
                  Object {
                    "fontSize": 20,
                  }
                }
              >
                5
              </Text>
            </View>
          </View>
          <View
            accessible={true}
            clickable={true}
            isTVSelectable={true}
            onClick={[Function]}
            onResponderGrant={[Function]}
            onResponderMove={[Function]}
            onResponderRelease={[Function]}
            onResponderTerminate={[Function]}
            onResponderTerminationRequest={[Function]}
            onStartShouldSetResponder={[Function]}
            style={
              Object {
                "flex": 1,
                "flexDirection": "column",
                "margin": 1,
                "opacity": 1,
              }
            }
          >
            <View
              style={
                Object {
                  "alignItems": "center",
                  "backgroundColor": "#d2d4d2",
                  "height": 70,
                  "justifyContent": "center",
                  "margin": 1,
                }
              }
            >
              <Text
                style={
                  Object {
                    "fontSize": 20,
                  }
                }
              >
                6
              </Text>
            </View>
          </View>
        </View>
      </View>
      <View
        onLayout={[Function]}
        style={null}
      >
        <View
          style={
            Object {
              "flexDirection": "row",
            }
          }
        >
          <View
            accessible={true}
            clickable={true}
            isTVSelectable={true}
            onClick={[Function]}
            onResponderGrant={[Function]}
            onResponderMove={[Function]}
            onResponderRelease={[Function]}
            onResponderTerminate={[Function]}
            onResponderTerminationRequest={[Function]}
            onStartShouldSetResponder={[Function]}
            style={
              Object {
                "flex": 1,
                "flexDirection": "column",
                "margin": 1,
                "opacity": 1,
              }
            }
          >
            <View
              style={
                Object {
                  "alignItems": "center",
                  "backgroundColor": "#d2d4d2",
                  "height": 70,
                  "justifyContent": "center",
                  "margin": 1,
                }
              }
            >
              <Text
                style={
                  Object {
                    "fontSize": 20,
                  }
                }
              >
                7
              </Text>
            </View>
          </View>
          <View
            accessible={true}
            clickable={true}
            isTVSelectable={true}
            onClick={[Function]}
            onResponderGrant={[Function]}
            onResponderMove={[Function]}
            onResponderRelease={[Function]}
            onResponderTerminate={[Function]}
            onResponderTerminationRequest={[Function]}
            onStartShouldSetResponder={[Function]}
            style={
              Object {
                "flex": 1,
                "flexDirection": "column",
                "margin": 1,
                "opacity": 1,
              }
            }
          >
            <View
              style={
                Object {
                  "alignItems": "center",
                  "backgroundColor": "#d2d4d2",
                  "height": 70,
                  "justifyContent": "center",
                  "margin": 1,
                }
              }
            >
              <Text
                style={
                  Object {
                    "fontSize": 20,
                  }
                }
              >
                8
              </Text>
            </View>
          </View>
          <View
            accessible={true}
            clickable={true}
            isTVSelectable={true}
            onClick={[Function]}
            onResponderGrant={[Function]}
            onResponderMove={[Function]}
            onResponderRelease={[Function]}
            onResponderTerminate={[Function]}
            onResponderTerminationRequest={[Function]}
            onStartShouldSetResponder={[Function]}
            style={
              Object {
                "flex": 1,
                "flexDirection": "column",
                "margin": 1,
                "opacity": 1,
              }
            }
          >
            <View
              style={
                Object {
                  "alignItems": "center",
                  "backgroundColor": "#d2d4d2",
                  "height": 70,
                  "justifyContent": "center",
                  "margin": 1,
                }
              }
            >
              <Text
                style={
                  Object {
                    "fontSize": 20,
                  }
                }
              >
                9
              </Text>
            </View>
          </View>
        </View>
      </View>
      <View
        onLayout={[Function]}
        style={null}
      >
        <View
          style={
            Object {
              "flexDirection": "row",
            }
          }
        >
          <View
            accessible={true}
            clickable={true}
            isTVSelectable={true}
            onClick={[Function]}
            onResponderGrant={[Function]}
            onResponderMove={[Function]}
            onResponderRelease={[Function]}
            onResponderTerminate={[Function]}
            onResponderTerminationRequest={[Function]}
            onStartShouldSetResponder={[Function]}
            style={
              Object {
                "flex": 1,
                "flexDirection": "column",
                "margin": 1,
                "opacity": 1,
              }
            }
          >
            <View
              style={
                Object {
                  "alignItems": "center",
                  "backgroundColor": "#d2d4d2",
                  "height": 70,
                  "justifyContent": "center",
                  "margin": 1,
                }
              }
            >
              <Text
                style={
                  Object {
                    "fontSize": 20,
                  }
                }
              >
                10
              </Text>
            </View>
          </View>
          <View
            accessible={true}
            clickable={true}
            isTVSelectable={true}
            onClick={[Function]}
            onResponderGrant={[Function]}
            onResponderMove={[Function]}
            onResponderRelease={[Function]}
            onResponderTerminate={[Function]}
            onResponderTerminationRequest={[Function]}
            onStartShouldSetResponder={[Function]}
            style={
              Object {
                "flex": 1,
                "flexDirection": "column",
                "margin": 1,
                "opacity": 1,
              }
            }
          >
            <View
              style={
                Object {
                  "alignItems": "center",
                  "backgroundColor": "#d2d4d2",
                  "height": 70,
                  "justifyContent": "center",
                  "margin": 1,
                }
              }
            >
              <Text
                style={
                  Object {
                    "fontSize": 20,
                  }
                }
              >
                11
              </Text>
            </View>
          </View>
          <View
            accessible={true}
            clickable={true}
            isTVSelectable={true}
            onClick={[Function]}
            onResponderGrant={[Function]}
            onResponderMove={[Function]}
            onResponderRelease={[Function]}
            onResponderTerminate={[Function]}
            onResponderTerminationRequest={[Function]}
            onStartShouldSetResponder={[Function]}
            style={
              Object {
                "flex": 1,
                "flexDirection": "column",
                "margin": 1,
                "opacity": 1,
              }
            }
          >
            <View
              style={
                Object {
                  "alignItems": "center",
                  "backgroundColor": "#d2d4d2",
                  "height": 70,
                  "justifyContent": "center",
                  "margin": 1,
                }
              }
            >
              <Text
                style={
                  Object {
                    "fontSize": 20,
                  }
                }
              >
                12
              </Text>
            </View>
          </View>
        </View>
      </View>
      <View
        onLayout={[Function]}
        style={null}
      >
        <View
          style={
            Object {
              "flexDirection": "row",
            }
          }
        >
          <View
            accessible={true}
            clickable={true}
            isTVSelectable={true}
            onClick={[Function]}
            onResponderGrant={[Function]}
            onResponderMove={[Function]}
            onResponderRelease={[Function]}
            onResponderTerminate={[Function]}
            onResponderTerminationRequest={[Function]}
            onStartShouldSetResponder={[Function]}
            style={
              Object {
                "flex": 1,
                "flexDirection": "column",
                "margin": 1,
                "opacity": 1,
              }
            }
          >
            <View
              style={
                Object {
                  "alignItems": "center",
                  "backgroundColor": "#d2d4d2",
                  "height": 70,
                  "justifyContent": "center",
                  "margin": 1,
                }
              }
            >
              <Text
                style={
                  Object {
                    "fontSize": 20,
                  }
                }
              >
                13
              </Text>
            </View>
          </View>
          <View
            accessible={true}
            clickable={true}
            isTVSelectable={true}
            onClick={[Function]}
            onResponderGrant={[Function]}
            onResponderMove={[Function]}
            onResponderRelease={[Function]}
            onResponderTerminate={[Function]}
            onResponderTerminationRequest={[Function]}
            onStartShouldSetResponder={[Function]}
            style={
              Object {
                "flex": 1,
                "flexDirection": "column",
                "margin": 1,
                "opacity": 1,
              }
            }
          >
            <View
              style={
                Object {
                  "alignItems": "center",
                  "backgroundColor": "#d2d4d2",
                  "height": 70,
                  "justifyContent": "center",
                  "margin": 1,
                }
              }
            >
              <Text
                style={
                  Object {
                    "fontSize": 20,
                  }
                }
              >
                14
              </Text>
            </View>
          </View>
          <View
            accessible={true}
            clickable={true}
            isTVSelectable={true}
            onClick={[Function]}
            onResponderGrant={[Function]}
            onResponderMove={[Function]}
            onResponderRelease={[Function]}
            onResponderTerminate={[Function]}
            onResponderTerminationRequest={[Function]}
            onStartShouldSetResponder={[Function]}
            style={
              Object {
                "flex": 1,
                "flexDirection": "column",
                "margin": 1,
                "opacity": 1,
              }
            }
          >
            <View
              style={
                Object {
                  "alignItems": "center",
                  "backgroundColor": "#d2d4d2",
                  "height": 70,
                  "justifyContent": "center",
                  "margin": 1,
                }
              }
            >
              <Text
                style={
                  Object {
                    "fontSize": 20,
                  }
                }
              >
                15
              </Text>
            </View>
          </View>
        </View>
      </View>
      <View
        onLayout={[Function]}
        style={null}
      >
        <View
          style={
            Object {
              "flexDirection": "row",
            }
          }
        >
          <View
            accessible={true}
            clickable={true}
            isTVSelectable={true}
            onClick={[Function]}
            onResponderGrant={[Function]}
            onResponderMove={[Function]}
            onResponderRelease={[Function]}
            onResponderTerminate={[Function]}
            onResponderTerminationRequest={[Function]}
            onStartShouldSetResponder={[Function]}
            style={
              Object {
                "flex": 1,
                "flexDirection": "column",
                "margin": 1,
                "opacity": 1,
              }
            }
          >
            <View
              style={
                Object {
                  "alignItems": "center",
                  "backgroundColor": "#d2d4d2",
                  "height": 70,
                  "justifyContent": "center",
                  "margin": 1,
                }
              }
            >
              <Text
                style={
                  Object {
                    "fontSize": 20,
                  }
                }
              >
                16
              </Text>
            </View>
          </View>
          <View
            accessible={true}
            clickable={true}
            isTVSelectable={true}
            onClick={[Function]}
            onResponderGrant={[Function]}
            onResponderMove={[Function]}
            onResponderRelease={[Function]}
            onResponderTerminate={[Function]}
            onResponderTerminationRequest={[Function]}
            onStartShouldSetResponder={[Function]}
            style={
              Object {
                "flex": 1,
                "flexDirection": "column",
                "margin": 1,
                "opacity": 1,
              }
            }
          >
            <View
              style={
                Object {
                  "alignItems": "center",
                  "backgroundColor": "#d2d4d2",
                  "height": 70,
                  "justifyContent": "center",
                  "margin": 1,
                }
              }
            >
              <Text
                style={
                  Object {
                    "fontSize": 20,
                  }
                }
              >
                17
              </Text>
            </View>
          </View>
          <View
            accessible={true}
            clickable={true}
            isTVSelectable={true}
            onClick={[Function]}
            onResponderGrant={[Function]}
            onResponderMove={[Function]}
            onResponderRelease={[Function]}
            onResponderTerminate={[Function]}
            onResponderTerminationRequest={[Function]}
            onStartShouldSetResponder={[Function]}
            style={
              Object {
                "flex": 1,
                "flexDirection": "column",
                "margin": 1,
                "opacity": 1,
              }
            }
          >
            <View
              style={
                Object {
                  "alignItems": "center",
                  "backgroundColor": "#d2d4d2",
                  "height": 70,
                  "justifyContent": "center",
                  "margin": 1,
                }
              }
            >
              <Text
                style={
                  Object {
                    "fontSize": 20,
                  }
                }
              >
                18
              </Text>
            </View>
          </View>
        </View>
      </View>
      <View
        onLayout={[Function]}
        style={null}
      >
        <View
          style={
            Object {
              "flexDirection": "row",
            }
          }
        >
          <View
            accessible={true}
            clickable={true}
            isTVSelectable={true}
            onClick={[Function]}
            onResponderGrant={[Function]}
            onResponderMove={[Function]}
            onResponderRelease={[Function]}
            onResponderTerminate={[Function]}
            onResponderTerminationRequest={[Function]}
            onStartShouldSetResponder={[Function]}
            style={
              Object {
                "flex": 1,
                "flexDirection": "column",
                "margin": 1,
                "opacity": 1,
              }
            }
          >
            <View
              style={
                Object {
                  "alignItems": "center",
                  "backgroundColor": "#d2d4d2",
                  "height": 70,
                  "justifyContent": "center",
                  "margin": 1,
                }
              }
            >
              <Text
                style={
                  Object {
                    "fontSize": 20,
                  }
                }
              >
                19
              </Text>
            </View>
          </View>
          <View
            accessible={true}
            clickable={true}
            isTVSelectable={true}
            onClick={[Function]}
            onResponderGrant={[Function]}
            onResponderMove={[Function]}
            onResponderRelease={[Function]}
            onResponderTerminate={[Function]}
            onResponderTerminationRequest={[Function]}
            onStartShouldSetResponder={[Function]}
            style={
              Object {
                "flex": 1,
                "flexDirection": "column",
                "margin": 1,
                "opacity": 1,
              }
            }
          >
            <View
              style={
                Object {
                  "alignItems": "center",
                  "backgroundColor": "#d2d4d2",
                  "height": 70,
                  "justifyContent": "center",
                  "margin": 1,
                }
              }
            >
              <Text
                style={
                  Object {
                    "fontSize": 20,
                  }
                }
              >
                20
              </Text>
            </View>
          </View>
          <View
            accessible={true}
            clickable={true}
            isTVSelectable={true}
            onClick={[Function]}
            onResponderGrant={[Function]}
            onResponderMove={[Function]}
            onResponderRelease={[Function]}
            onResponderTerminate={[Function]}
            onResponderTerminationRequest={[Function]}
            onStartShouldSetResponder={[Function]}
            style={
              Object {
                "flex": 1,
                "flexDirection": "column",
                "margin": 1,
                "opacity": 1,
              }
            }
          >
            <View
              style={
                Object {
                  "alignItems": "center",
                  "backgroundColor": "#d2d4d2",
                  "height": 70,
                  "justifyContent": "center",
                  "margin": 1,
                }
              }
            >
              <Text
                style={
                  Object {
                    "fontSize": 20,
                  }
                }
              >
                21
              </Text>
            </View>
          </View>
        </View>
      </View>
      <View
        onLayout={[Function]}
        style={null}
      >
        <View
          style={
            Object {
              "flexDirection": "row",
            }
          }
        >
          <View
            accessible={true}
            clickable={true}
            isTVSelectable={true}
            onClick={[Function]}
            onResponderGrant={[Function]}
            onResponderMove={[Function]}
            onResponderRelease={[Function]}
            onResponderTerminate={[Function]}
            onResponderTerminationRequest={[Function]}
            onStartShouldSetResponder={[Function]}
            style={
              Object {
                "flex": 1,
                "flexDirection": "column",
                "margin": 1,
                "opacity": 1,
              }
            }
          >
            <View
              style={
                Object {
                  "alignItems": "center",
                  "backgroundColor": "#d2d4d2",
                  "height": 70,
                  "justifyContent": "center",
                  "margin": 1,
                }
              }
            >
              <Text
                style={
                  Object {
                    "fontSize": 20,
                  }
                }
              >
                22
              </Text>
            </View>
          </View>
          <View
            accessible={true}
            clickable={true}
            isTVSelectable={true}
            onClick={[Function]}
            onResponderGrant={[Function]}
            onResponderMove={[Function]}
            onResponderRelease={[Function]}
            onResponderTerminate={[Function]}
            onResponderTerminationRequest={[Function]}
            onStartShouldSetResponder={[Function]}
            style={
              Object {
                "flex": 1,
                "flexDirection": "column",
                "margin": 1,
                "opacity": 1,
              }
            }
          >
            <View
              style={
                Object {
                  "alignItems": "center",
                  "backgroundColor": "#d2d4d2",
                  "height": 70,
                  "justifyContent": "center",
                  "margin": 1,
                }
              }
            >
              <Text
                style={
                  Object {
                    "fontSize": 20,
                  }
                }
              >
                23
              </Text>
            </View>
          </View>
          <View
            accessible={true}
            clickable={true}
            isTVSelectable={true}
            onClick={[Function]}
            onResponderGrant={[Function]}
            onResponderMove={[Function]}
            onResponderRelease={[Function]}
            onResponderTerminate={[Function]}
            onResponderTerminationRequest={[Function]}
            onStartShouldSetResponder={[Function]}
            style={
              Object {
                "flex": 1,
                "flexDirection": "column",
                "margin": 1,
                "opacity": 1,
              }
            }
          >
            <View
              style={
                Object {
                  "alignItems": "center",
                  "backgroundColor": "#d2d4d2",
                  "height": 70,
                  "justifyContent": "center",
                  "margin": 1,
                }
              }
            >
              <Text
                style={
                  Object {
                    "fontSize": 20,
                  }
                }
              >
                24
              </Text>
            </View>
          </View>
        </View>
      </View>
      <View
        onLayout={[Function]}
        style={null}
      >
        <View
          style={
            Object {
              "flexDirection": "row",
            }
          }
        >
          <View
            accessible={true}
            clickable={true}
            isTVSelectable={true}
            onClick={[Function]}
            onResponderGrant={[Function]}
            onResponderMove={[Function]}
            onResponderRelease={[Function]}
            onResponderTerminate={[Function]}
            onResponderTerminationRequest={[Function]}
            onStartShouldSetResponder={[Function]}
            style={
              Object {
                "flex": 1,
                "flexDirection": "column",
                "margin": 1,
                "opacity": 1,
              }
            }
          >
            <View
              style={
                Object {
                  "alignItems": "center",
                  "backgroundColor": "#d2d4d2",
                  "height": 70,
                  "justifyContent": "center",
                  "margin": 1,
                }
              }
            >
              <Text
                style={
                  Object {
                    "fontSize": 20,
                  }
                }
              >
                25
              </Text>
            </View>
          </View>
          <View
            accessible={true}
            clickable={true}
            isTVSelectable={true}
            onClick={[Function]}
            onResponderGrant={[Function]}
            onResponderMove={[Function]}
            onResponderRelease={[Function]}
            onResponderTerminate={[Function]}
            onResponderTerminationRequest={[Function]}
            onStartShouldSetResponder={[Function]}
            style={
              Object {
                "flex": 1,
                "flexDirection": "column",
                "margin": 1,
                "opacity": 1,
              }
            }
          >
            <View
              style={
                Object {
                  "alignItems": "center",
                  "backgroundColor": "#d2d4d2",
                  "height": 70,
                  "justifyContent": "center",
                  "margin": 1,
                }
              }
            >
              <Text
                style={
                  Object {
                    "fontSize": 20,
                  }
                }
              >
                26
              </Text>
            </View>
          </View>
          <View
            accessible={true}
            clickable={true}
            isTVSelectable={true}
            onClick={[Function]}
            onResponderGrant={[Function]}
            onResponderMove={[Function]}
            onResponderRelease={[Function]}
            onResponderTerminate={[Function]}
            onResponderTerminationRequest={[Function]}
            onStartShouldSetResponder={[Function]}
            style={
              Object {
                "flex": 1,
                "flexDirection": "column",
                "margin": 1,
                "opacity": 1,
              }
            }
          >
            <View
              style={
                Object {
                  "alignItems": "center",
                  "backgroundColor": "#d2d4d2",
                  "height": 70,
                  "justifyContent": "center",
                  "margin": 1,
                }
              }
            >
              <Text
                style={
                  Object {
                    "fontSize": 20,
                  }
                }
              >
                27
              </Text>
            </View>
          </View>
        </View>
      </View>
      <View
        onLayout={[Function]}
        style={null}
      >
        <View
          style={
            Object {
              "flexDirection": "row",
            }
          }
        >
          <View
            accessible={true}
            clickable={true}
            isTVSelectable={true}
            onClick={[Function]}
            onResponderGrant={[Function]}
            onResponderMove={[Function]}
            onResponderRelease={[Function]}
            onResponderTerminate={[Function]}
            onResponderTerminationRequest={[Function]}
            onStartShouldSetResponder={[Function]}
            style={
              Object {
                "flex": 1,
                "flexDirection": "column",
                "margin": 1,
                "opacity": 1,
              }
            }
          >
            <View
              style={
                Object {
                  "alignItems": "center",
                  "backgroundColor": "#d2d4d2",
                  "height": 70,
                  "justifyContent": "center",
                  "margin": 1,
                }
              }
            >
              <Text
                style={
                  Object {
                    "fontSize": 20,
                  }
                }
              >
                28
              </Text>
            </View>
          </View>
          <View
            accessible={true}
            clickable={true}
            isTVSelectable={true}
            onClick={[Function]}
            onResponderGrant={[Function]}
            onResponderMove={[Function]}
            onResponderRelease={[Function]}
            onResponderTerminate={[Function]}
            onResponderTerminationRequest={[Function]}
            onStartShouldSetResponder={[Function]}
            style={
              Object {
                "flex": 1,
                "flexDirection": "column",
                "margin": 1,
                "opacity": 1,
              }
            }
          >
            <View
              style={
                Object {
                  "alignItems": "center",
                  "backgroundColor": "#d2d4d2",
                  "height": 70,
                  "justifyContent": "center",
                  "margin": 1,
                }
              }
            >
              <Text
                style={
                  Object {
                    "fontSize": 20,
                  }
                }
              >
                29
              </Text>
            </View>
          </View>
          <View
            accessible={true}
            clickable={true}
            isTVSelectable={true}
            onClick={[Function]}
            onResponderGrant={[Function]}
            onResponderMove={[Function]}
            onResponderRelease={[Function]}
            onResponderTerminate={[Function]}
            onResponderTerminationRequest={[Function]}
            onStartShouldSetResponder={[Function]}
            style={
              Object {
                "flex": 1,
                "flexDirection": "column",
                "margin": 1,
                "opacity": 1,
              }
            }
          >
            <View
              style={
                Object {
                  "alignItems": "center",
                  "backgroundColor": "#d2d4d2",
                  "height": 70,
                  "justifyContent": "center",
                  "margin": 1,
                }
              }
            >
              <Text
                style={
                  Object {
                    "fontSize": 20,
                  }
                }
              >
                30
              </Text>
            </View>
          </View>
        </View>
      </View>
    </View>
  </RCTScrollView>
</View>
`;
