// Jest Snapshot v1, https://goo.gl/fbAQLP

exports[`Splash Screen testing should create a snapshot of the Splash Screen 1`] = `
<View
  style={
    Object {
      "alignItems": "center",
      "backgroundColor": "#fff",
      "flex": 1,
      "justifyContent": "center",
    }
  }
>
  <Image
    source={
      Object {
        "testUri": "../../../src/assets/pic2.jpg",
      }
    }
  />
</View>
`;
